// Jest Snapshot v1, https://goo.gl/fbAQLP

exports[`Testing <CenterContainer /> should be able to render with props 1`] = `"<div width=\\"100%\\" color=\\"gray\\" class=\\"sc-bdVaJa cVOEHC\\">Container</div>"`;
