// Jest Snapshot v1, https://goo.gl/fbAQLP

exports[`Test <Panel /> should be able to render with props 1`] = `ReactWrapper {}`;
