// Jest Snapshot v1, https://goo.gl/fbAQLP

exports[`Testing <Panel /> should be able to render with props 1`] = `ShallowWrapper {}`;
