// Jest Snapshot v1, https://goo.gl/fbAQLP

exports[`Testing <Button /> should be able to render with props 1`] = `ReactWrapper {}`;
