// Jest Snapshot v1, https://goo.gl/fbAQLP

exports[`Testing <CenterContainer /> should be able to render with props 1`] = `"<h1 color=\\"gray\\" class=\\"sc-bwzfXH dBovyR sc-htpNat glPQPa\\">Some Text</h1>"`;
